// Jest Snapshot v1, https://goo.gl/fbAQLP

exports[`commondatabuilder creates django choice typescript 1`] = `
"// This file was auto-generated by commondatabuilder.
// Please don't edit it.

export type BoroughChoice = \\"BROOKLYN\\";

export const BoroughChoices: BoroughChoice[] = [
  \\"BROOKLYN\\"
];

const BoroughChoiceSet: Set<String> = new Set(BoroughChoices);

export function isBoroughChoice(choice: string): choice is BoroughChoice {
  return BoroughChoiceSet.has(choice);
}

export type BoroughChoiceLabels = {
  [k in BoroughChoice]: string;
};

export function getBoroughChoiceLabels(): BoroughChoiceLabels {
  return {
    BROOKLYN: \\"Brooklyn\\",
  };
}
"
`;

exports[`commondatabuilder only internationalizes labels if configured to 1`] = `
"// This file was auto-generated by commondatabuilder.
// Please don't edit it.

import { t } from \\"@lingui/macro\\";
import { li18n } from '../frontend/lib/i18n-lingui';

export type Foo = \\"THINGY\\";

export const Foos: Foo[] = [
  \\"THINGY\\"
];

const FooSet: Set<String> = new Set(Foos);

export function isFoo(choice: string): choice is Foo {
  return FooSet.has(choice);
}

export type FooLabels = {
  [k in Foo]: string;
};

export function getFooLabels(): FooLabels {
  return {
    THINGY: li18n._(t\`I am thingy\`),
  };
}
"
`;
